Base d datos mundo
Tablas paises
practica 3
MySQL Shell 1.0.11

Copyright (c) 2016, 2017, Oracle and/or its affiliates. All rights reserved.

Oracle is a registered trademark of Oracle Corporation and/or its
affiliates. Other names may be trademarks of their respective
owners.

Type '\help' or '\?' for help; '\quit' to exit.

Currently in JavaScript mode. Use \sql to switch to SQL mode and execute queries.
mysql-js> sql
ReferenceError: sql is not defined
mysql-js>
mysql-js> \sql
Switching to SQL mode... Commands end with ;
mysql-sql> \ connect c- root@localhost:3306
ERROR: Not connected.
mysql-sql> \connect -c root@localhost:3306
Creating a Classic Session to 'root@localhost:3306'
Enter password: ****
Your MySQL connection id is 26
Server version: 5.7.21-log MySQL Community Server (GPL)
No default schema selected; type \use <schema> to set one.
mysql-sql> create databases mi_primer_databases;
ERROR: 1064 (42000): You have an error in your SQL syntax; check the manual that corresponds to your MySQL server version for the right syntax to use near 'databases mi_primer_databases' at line 1
mysql-sql> create database mi_primer_database;
Query OK, 1 row affected (0.17 sec)
mysql-sql> show databases
       ... ;
+--------------------+
| Database           |
+--------------------+
| information_schema |
| mi_primer_database |
| mysql              |
| performance_schema |
| sakila             |
| sys                |
| world              |
+--------------------+
7 rows in set (0.02 sec)
mysql-sql> show databasees;
ERROR: 1064 (42000): You have an error in your SQL syntax; check the manual that corresponds to your MySQL server version for the right syntax to use near 'databasees' at line 1
mysql-sql> show databases;
+--------------------+
| Database           |
+--------------------+
| information_schema |
| mi_primer_database |
| mysql              |
| performance_schema |
| sakila             |
| sys                |
| world              |
+--------------------+
7 rows in set (0.00 sec)
mysql-sql> use mi_primer_databases;
ERROR: 1049 (42000): Unknown database 'mi_primer_databases'
mysql-sql> use mi_primer_database;
Query OK, 0 rows affected (0.00 sec)
mysql-sql> show tables;
Empty set (0.00 sec)
mysql-sql> drop database if existes mi_primer_database;
ERROR: 1064 (42000): You have an error in your SQL syntax; check the manual that corresponds to your MySQL server version for the right syntax to use near 'existes mi_primer_database' at line 1
mysql-sql> drop database if exists mi_primer_database;
Query OK, 0 rows affected (0.17 sec)
mysql-sql> show databases;
+--------------------+
| Database           |
+--------------------+
| information_schema |
| mysql              |
| performance_schema |
| sakila             |
| sys                |
| world              |
+--------------------+
6 rows in set (0.00 sec)
mysql-sql> world
       ... ;
ERROR: 1064 (42000): You have an error in your SQL syntax; check the manual that corresponds to your MySQL server version for the right syntax to use near 'world' at line 1
mysql-sql> show world;
ERROR: 1064 (42000): You have an error in your SQL syntax; check the manual that corresponds to your MySQL server version for the right syntax to use near 'world' at line 1
mysql-sql> create database mundo;
Query OK, 1 row affected (0.00 sec)
mysql-sql> create user 'gobernador'@'localhost' identified by 'root'
       ... ;
Query OK, 0 rows affected (0.06 sec)
mysql-sql>
mysql-sql> grant all privileges on mundo.* to * 'gobernador'@'localhost' with grant option;
ERROR: 1064 (42000): You have an error in your SQL syntax; check the manual that corresponds to your MySQL server version for the right syntax to use near '* 'gobernador'@'localhost' with grant option' at line 1
mysql-sql> grant all privileges on mundo.* to 'gobernador'@'localhost' with grant option;
Query OK, 0 rows affected (0.07 sec)
mysql-sql> show databases;
+--------------------+
| Database           |
+--------------------+
| information_schema |
| mundo              |
| mysql              |
| performance_schema |
| sakila             |
| sys                |
| world              |
+--------------------+
7 rows in set (0.00 sec)
mysql-sql> \connect c- gobernador@localhost
\connect [-<type>] <uri or $name>
mysql-sql> \connect -c gobernador@localhost
Creating a Classic Session to 'gobernador@localhost'
Enter password: ****
Closing old connection...
Your MySQL connection id is 32
Server version: 5.7.21-log MySQL Community Server (GPL)
No default schema selected; type \use <schema> to set one.
mysql-sql> show databases;
+--------------------+
| Database           |
+--------------------+
| information_schema |
| mundo              |
+--------------------+
2 rows in set (0.02 sec)
mysql-sql> \use mundo
Schema set to `mundo`.
mysql-sql> create table paises(
       ... paises_id int,
       ... nombre varchar(50
       ... ),
       ... poblacion int,
       ... capital varchar(50);
ERROR: 1064 (42000): You have an error in your SQL syntax; check the manual that corresponds to your MySQL server version for the right syntax to use near '' at line 6
mysql-sql> create table paises(
       ... paises id int,
       ... nombre varchar(50),
       ... poblacion int,
       ... capital varchar(50));
ERROR: 1064 (42000): You have an error in your SQL syntax; check the manual that corresponds to your MySQL server version for the right syntax to use near 'id int,
nombre varchar(50),
poblacion int,
capital varchar(50))' at line 2
mysql-sql> create table paises(
       ... paises_id int,
       ... nombre varchar(50),
       ... poblacion int,
       ... capital varchar(50));
Query OK, 0 rows affected (0.46 sec)
mysql-sql> show tabls
       ... ;
ERROR: 1064 (42000): You have an error in your SQL syntax; check the manual that corresponds to your MySQL server version for the right syntax to use near 'tabls' at line 1
mysql-sql> show tables
       ... ;
+-----------------+
| Tables_in_mundo |
+-----------------+
| paises          |
+-----------------+
1 row in set (0.00 sec)
mysql-sql> desc paises;
+-----------+-------------+------+-----+---------+-------+
| Field     | Type        | Null | Key | Default | Extra |
+-----------+-------------+------+-----+---------+-------+
| paises_id | int(11)     | YES  |     | null    |       |
| nombre    | varchar(50) | YES  |     | null    |       |
| poblacion | int(11)     | YES  |     | null    |       |
| capital   | varchar(50) | YES  |     | null    |       |
+-----------+-------------+------+-----+---------+-------+
4 rows in set (0.04 sec)
mysql-sql> select * from paises;
Empty set (0.00 sec)
mysql-sql> create table paises_copia like paises;
Query OK, 0 rows affected (0.53 sec)
mysql-sql> show tables
       ... ;
+-----------------+
| Tables_in_mundo |
+-----------------+
| paises          |
| paises_copia    |
+-----------------+
2 rows in set (0.00 sec)
mysql-sql> desc paises_copia
       ... ;
+-----------+-------------+------+-----+---------+-------+
| Field     | Type        | Null | Key | Default | Extra |
+-----------+-------------+------+-----+---------+-------+
| paises_id | int(11)     | YES  |     | null    |       |
| nombre    | varchar(50) | YES  |     | null    |       |
| poblacion | int(11)     | YES  |     | null    |       |
| capital   | varchar(50) | YES  |     | null    |       |
+-----------+-------------+------+-----+---------+-------+
4 rows in set (0.00 sec)
mysql-sql>